// Jest Snapshot v1, https://goo.gl/fbAQLP

exports[`matches snapshot 1`] = `
<DocumentFragment>
  <div
    class="BoxList"
  >
    <form
      class="NewBoxForm"
    >
      <label
        for="color"
      >
        Color
      </label>
      <input
        id="color"
        name="color"
        placeholder="Enter color"
        type="text"
        value=""
      />
      <label
        for="width"
      >
        Width
      </label>
      <input
        id="width"
        name="width"
        placeholder="width in px"
        type="text"
        value=""
      />
      <label
        for="height"
      >
        Height
      </label>
      <input
        id="height"
        name="height"
        placeholder="height in px"
        type="text"
        value=""
      />
      <button>
        Create Box
      </button>
    </form>
  </div>
</DocumentFragment>
`;
