// Jest Snapshot v1, https://goo.gl/fbAQLP

exports[`matches snapshot 1`] = `
<DocumentFragment>
  <div
    class="Todo"
  >
    <h3>
      get groceries
    </h3>
    <button>
      Remove
    </button>
    <button>
      Edit
    </button>
  </div>
</DocumentFragment>
`;
